// Vitest Snapshot v1

exports[`Testing LatteAndFrontApp.tsx > it should show correctly 1`] = `
<div>
  <h1>
    Hi there!
  </h1>
</div>
`;
