// Vitest Snapshot v1

exports[`Testing FirstApp > it should show FirstApp 1`] = `
<Fragment>
  <h1>
    Hi there!
  </h1>
  <p>
    I am a subtitle
  </p>
  <h1>
    123
  </h1>
  <pre>
    {"name":"Francisco"}
  </pre>
</Fragment>
`;
