// Vitest Snapshot v1

exports[`Testing AddCategory > it should show component correctly 1`] = `
<form
  onSubmit={[Function]}
>
  <input
    onChange={[Function]}
    type="text"
    value=""
  />
</form>
`;
