// Vitest Snapshot v1

exports[`Testing <GifExpertApp/> > it should show correctly 1`] = `
<Fragment>
  <h2>
    Gif Expert App
  </h2>
  <AddCategory
    setCategories={[Function]}
  />
  <hr />
  <ol>
    <GifGrid
      category="One Punch"
      key="One Punch"
    />
  </ol>
</Fragment>
`;
