// Vitest Snapshot v1

exports[`testing RealExampleRef.tsx > it should show correctly 1`] = `
<div>
  <h1>
    Real Example Ref
  </h1>
  <hr />
  <button
    class="btn btn-primary mt=5"
  >
    Toggle
  </button>
</div>
`;
